[
  {
    "asset_code": "fogbench/smoke_test",
    "count": 1
  }
]
{
  "sensor": 10
}
