Total Statistics:
Total Messages Transferred: 1
Total Bytes Transferred:    288
Total Iterations: 1
Total Messages per Iteration: 1.0
Total Bytes per Iteration:    288.0
